2026-05-20 14:04:56.134 [INFO ] ==== SETUP MODE START ====
2026-05-20 14:04:57.013 [STEP ] navigating to dashboard to verify session
2026-05-20 14:05:01.628 [TASK ] 676e5887 STARTED tenant="mbuFara"
2026-05-20 14:05:01.629 [TASK ] 676e5887 WORKING  Adding tenant to Tenant Management...
2026-05-20 14:05:01.629 [STEP ] 676e5887 addOneTenant: "mbufara"
2026-05-20 14:05:01.629 [STEP ] navigateToAosManagement: https://www.avepointonlineservices.com/#/management/tenant
2026-05-20 14:05:02.051 [WARN ] req failed: GET https://graph-ne.avepointonlineservices.com/fly/license/usage?licenseModuleType=0
2026-05-20 14:05:02.051 [WARN ] req failed: GET https://ava.avepointonlineservices.com/speech-token
2026-05-20 14:05:04.752 [STEP ] navigateToAosManagement: done (tenant)
2026-05-20 14:05:06.262 [STEP ] 676e5887 tenant "mbufara" already exists
2026-05-20 14:05:06.262 [TASK ] 676e5887 tenant: already exists
2026-05-20 14:05:06.262 [TASK ] 676e5887 WORKING  Tenant: already exists. Adding app profile...
2026-05-20 14:05:06.262 [STEP ] 676e5887 addOneAppProfile: "mbuFara App"
2026-05-20 14:05:06.262 [STEP ] navigateToAosManagement: https://www.avepointonlineservices.com/#/management/app
2026-05-20 14:05:07.241 [STEP ] navigateToAosManagement: done (app)
2026-05-20 14:05:08.764 [STEP ] 676e5887 app profile already exists (matched "mbuFara")
2026-05-20 14:05:08.764 [STEP ] 676e5887 grantAdminConsent: looking for consent links
2026-05-20 14:05:08.780 [STEP ] 676e5887 no consent links visible — trying row right-click
2026-05-20 14:05:09.231 [WARN ] 676e5887 consent links not found — manual consent required
2026-05-20 14:05:09.231 [TASK ] 676e5887 app: already exists
2026-05-20 14:05:09.231 [TASK ] 676e5887 DONE     Tenant registered. App profile: already exists
2026-05-20 14:05:09.539 [INFO ] ==== SETUP MODE END ====
2026-05-20 14:05:09.539 [INFO ] [done] Log: C:\Temp\Scripts\Avepoint\FLY\logs\mbuFara_2026-05-20_140456\run.log
