14:46:10 [INFO] Ready - connect to Fly, configure project settings, then run.
14:46:10 [INFO] Log file: C:\Temp\Scripts\Avepoint\FLY\logs\FlyRunner_20260524_144610.log
14:46:10 [INFO] Workload config: C:\Temp\Scripts\Avepoint\FLY\workloads.json
14:46:10 [OK]   SharePoint policy: SPO Migration Policy
14:46:10 [OK]   SharePoint source: OurVolaris - SPO
14:46:10 [OK]   SharePoint destination: amickiel - SharePoint Online
14:46:10 [OK]   Exchange policy: Mailbox Migration - Policy
14:46:10 [OK]   Exchange source: OurVolaris - EXO
14:46:10 [OK]   Exchange destination: amickiel - Exchange Online
14:46:10 [OK]   OneDrive policy: OneDrive Migration - Policy
14:46:10 [OK]   OneDrive source: OurVolaris - OneDrive
14:46:10 [OK]   OneDrive destination: amickiel - OneDrive
14:46:10 [OK]   Teams policy: MS Teams - Migration Policy
14:46:10 [OK]   Teams source: OurVolaris - MS Teams
14:46:10 [OK]   Teams destination: amickiel - Microsoft Teams
14:46:10 [OK]   Teams Chat policy: Teams Chats policy
14:46:10 [OK]   Teams Chat source: OurVolaris - Teams Chats
14:46:10 [OK]   Teams Chat destination: amickiel - Microsoft Teams Chat
14:46:10 [OK]   Groups policy: M365 Group Migration - Policy
14:46:10 [OK]   Groups source: OurVolaris - M365 Groups
14:46:10 [OK]   Groups destination: amickiel - Microsoft 365 Groups
14:46:10 [OK] Credentials loaded from saved config.
14:46:10 [INFO] Auto-connecting...
14:46:11 [OK] Auto-connected to Fly OK
14:46:11 [OK] Customer Prefix pre-filled from shared config: Fara
