15:18:38 [INFO] Ready - connect to Fly, configure project settings, then run.
15:18:38 [INFO] Log file: C:\Temp\Scripts\Avepoint\FLY\logs\FlyRunner_20260520_151837.log
15:18:38 [INFO] Workload config: C:\Temp\Scripts\Avepoint\FLY\workloads.json
15:18:38 [OK]   SharePoint policy: SPO Migration Policy
15:18:38 [OK]   SharePoint source: OurVolaris - SPO
15:18:38 [OK]   SharePoint destination: intranote - SharePoint Online
15:18:38 [OK]   Exchange policy: Mailbox Migration - Policy
15:18:38 [OK]   Exchange source: OurVolaris - EXO
15:18:38 [OK]   Exchange destination: intranote - Exchange Online
15:18:38 [OK]   OneDrive policy: OneDrive Migration - Policy
15:18:38 [OK]   OneDrive source: OurVolaris - OneDrive
15:18:38 [OK]   OneDrive destination: intranote - OneDrive
15:18:38 [OK]   Teams policy: MS Teams - Migration Policy
15:18:38 [OK]   Teams source: OurVolaris - MS Teams
15:18:38 [OK]   Teams destination: intranote - Microsoft Teams
15:18:38 [OK]   Teams Chat policy: Teams Chats policy
15:18:38 [OK]   Teams Chat source: OurVolaris - Teams Chats
15:18:38 [OK]   Teams Chat destination: intranote - Microsoft Teams Chat
15:18:38 [OK]   Groups policy: M365 Group Migration - Policy
15:18:38 [OK]   Groups source: OurVolaris - M365 Groups
15:18:38 [OK]   Groups destination: intranote - Microsoft 365 Groups
15:18:38 [OK] Credentials loaded from saved config.
15:18:38 [INFO] Auto-connecting...
15:18:41 [OK] Auto-connected to Fly OK
15:18:41 [OK] Customer Prefix pre-filled from shared config: Fara
15:18:56 [WARN] SharePoint - no valid CSV selected, skipping
15:18:56 [WARN] Exchange - no valid CSV selected, skipping
15:18:56 [WARN] OneDrive - no valid CSV selected, skipping
15:18:56 [WARN] Teams - no valid CSV selected, skipping
15:18:56 [WARN] Teams Chat - no valid CSV selected, skipping
15:18:56 [WARN] Groups - no valid CSV selected, skipping
15:18:56 [INFO] ------------------------------------------------
15:18:56 [OK] 0 workloads completed - 6 failed.
15:19:43 [WARN] SharePoint - no valid CSV selected, skipping
15:19:43 [WARN] Exchange - no valid CSV selected, skipping
15:19:43 [WARN] OneDrive - no valid CSV selected, skipping
15:19:43 [WARN] Teams - no valid CSV selected, skipping
15:19:43 [WARN] Teams Chat - no valid CSV selected, skipping
15:19:43 [WARN] Groups - no valid CSV selected, skipping
15:19:43 [INFO] ------------------------------------------------
15:19:43 [OK] 0 workloads completed - 6 failed.
15:20:00 [OK] Workload config saved to: workloads.json
15:53:03 [INFO] -- SharePoint [Import Only] --
15:53:04 [INFO] Creating project: amickiel - SharePoint...
15:53:05 [OK] Project created OK
15:53:05 [INFO] Importing mappings from: SharepointMapping File.csv...
15:53:06 [ERROR] SharePoint failed: Cannot bind argument to parameter 'Level' because it is an empty string.
15:53:06 [INFO] -- Exchange [Import Only] --
15:53:08 [INFO] Creating project: amickiel - Exchange...
15:53:10 [OK] Project created OK
15:53:10 [INFO] Importing mappings from: ExchangeMappingFile.csv...
15:53:10 [ERROR] Exchange failed: Invalid data type
15:53:10 [INFO] -- OneDrive [Import Only] --
15:53:11 [INFO] Creating project: amickiel - OneDrive...
15:53:12 [OK] Project created OK
15:53:12 [INFO] Importing mappings from: OneDriveMappingFile.csv...
15:53:13 [OK] Mappings imported OK
15:53:13 [INFO] Exporting mapping status...
15:53:14 [OK] Mapping status saved: amickiel - OneDrive_MappingStatus_20260520-1553.csv
15:53:14 [INFO] -- Teams [Import Only] --
15:53:14 [INFO] Creating project: amickiel - Teams...
15:53:15 [OK] Project created OK
15:53:15 [INFO] Importing mappings from: TeamsMappringFile.csv...
15:53:16 [OK] Mappings imported OK
15:53:16 [INFO] Exporting mapping status...
15:53:16 [OK] Mapping status saved: amickiel - Teams_MappingStatus_20260520-1553.csv
15:53:16 [INFO] -- Teams Chat [Import Only] --
15:53:17 [INFO] Creating project: amickiel - Teams Chat...
15:53:18 [OK] Project created OK
15:53:18 [INFO] Importing mappings from: TeamsChatMappingFile.csv...
15:53:19 [OK] Mappings imported OK
15:53:19 [INFO] Exporting mapping status...
15:53:19 [OK] Mapping status saved: amickiel - Teams Chat_MappingStatus_20260520-1553.csv
15:53:19 [INFO] ------------------------------------------------
15:53:19 [OK] 3 workloads completed - 2 failed.
