12:41:42 [INFO] Ready - connect to Fly, configure project settings, then run.
12:41:42 [INFO] Log file: C:\Temp\Scripts\Avepoint\FLY\logs\FlyRunner_20260524_124142.log
12:41:42 [INFO] Workload config: C:\Temp\Scripts\Avepoint\FLY\workloads.json
12:41:42 [OK]   SharePoint policy: SPO Migration Policy
12:41:42 [OK]   SharePoint source: OurVolaris - SPO
12:41:42 [OK]   SharePoint destination: amickiel - SharePoint Online
12:41:42 [OK]   Exchange policy: Mailbox Migration - Policy
12:41:42 [OK]   Exchange source: OurVolaris - EXO
12:41:42 [OK]   Exchange destination: amickiel - Exchange Online
12:41:42 [OK]   OneDrive policy: OneDrive Migration - Policy
12:41:42 [OK]   OneDrive source: OurVolaris - OneDrive
12:41:42 [OK]   OneDrive destination: amickiel - OneDrive
12:41:42 [OK]   Teams policy: MS Teams - Migration Policy
12:41:42 [OK]   Teams source: OurVolaris - MS Teams
12:41:42 [OK]   Teams destination: amickiel - Microsoft Teams
12:41:42 [OK]   Teams Chat policy: Teams Chats policy
12:41:42 [OK]   Teams Chat source: OurVolaris - Teams Chats
12:41:42 [OK]   Teams Chat destination: amickiel - Microsoft Teams Chat
12:41:42 [OK]   Groups policy: M365 Group Migration - Policy
12:41:42 [OK]   Groups source: OurVolaris - M365 Groups
12:41:42 [OK]   Groups destination: amickiel - Microsoft 365 Groups
12:41:42 [OK] Credentials loaded from saved config.
12:41:42 [INFO] Auto-connecting...
12:41:43 [OK] Auto-connected to Fly OK
12:41:43 [OK] Customer Prefix pre-filled from shared config: Fara
12:41:58 [INFO] Connecting to Fly...
12:41:58 [OK] Credentials saved for next run.
12:41:58 [INFO] Testing API endpoint...
12:41:58 [WARN] API test warning: A parameter cannot be found that matches parameter name 'Top'.
12:41:58 [OK] Connections pre-loaded from workloads.json
12:41:58 [OK] Connected to Fly OK
